0	10:29:13.120	Compiling 'MACD Sample'
0	10:29:13.120	Compiling 'Moving Average'
0	10:29:13.970	Compiling 'Accelerator'
0	10:29:13.970	Compiling 'Accumulation'
0	10:29:13.970	Compiling 'Alligator'
0	10:29:13.970	Compiling 'ATR'
0	10:29:13.970	Compiling 'Awesome'
0	10:29:13.970	Compiling 'Bands'
0	10:29:13.970	Compiling 'Bears'
0	10:29:13.970	Compiling 'Bulls'
0	10:29:13.970	Compiling 'CCI'
0	10:29:13.970	Compiling 'Custom Moving Averages'
0	10:29:13.970	Compiling 'Heiken Ashi'
0	10:29:13.970	Compiling 'Ichimoku'
0	10:29:13.970	Compiling 'iExposure'
0	10:29:13.970	Compiling 'MACD'
0	10:29:13.970	Compiling 'Momentum'
0	10:29:13.970	Compiling 'OsMA'
0	10:29:13.970	Compiling 'Parabolic'
0	10:29:13.970	Compiling 'RSI'
0	10:29:13.970	Compiling 'Stochastic'
0	10:29:13.970	Compiling 'ZigZag'
0	10:29:13.970	Compiling 'SimplePanel'
0	10:29:17.725	Compiling 'PeriodConverter'
0	10:29:17.725	Compiling 'DLLSampleTester'
0	10:29:17.726	Compiling 'PipeClient'
0	10:29:17.726	Compiling 'PipeClientPure'
0	10:29:18.865	Compiling 'stdlib'
0	10:32:17.730	Compiling 'MACD Sample'
0	10:32:18.107	Compiling 'Moving Average'
0	10:32:18.483	Compiling 'Accelerator'
0	10:32:18.860	Compiling 'Accumulation'
0	10:32:19.237	Compiling 'Alligator'
0	10:32:19.613	Compiling 'ATR'
0	10:32:20.022	Compiling 'Awesome'
0	10:32:20.445	Compiling 'Bands'
0	10:32:20.837	Compiling 'Bears'
0	10:32:21.198	Compiling 'Bulls'
0	10:32:21.622	Compiling 'CCI'
0	10:32:21.983	Compiling 'Custom Moving Averages'
0	10:32:22.344	Compiling 'Heiken Ashi'
0	10:32:22.711	Compiling 'Ichimoku'
0	10:32:23.066	Compiling 'iExposure'
0	10:32:23.458	Compiling 'MACD'
0	10:32:23.821	Compiling 'Momentum'
0	10:32:24.182	Compiling 'OsMA'
0	10:32:24.622	Compiling 'Parabolic'
0	10:32:24.967	Compiling 'RSI'
0	10:32:25.360	Compiling 'Stochastic'
0	10:32:25.736	Compiling 'ZigZag'
0	10:32:26.148	Compiling 'Examples\SimplePanel\SimplePanel'
0	10:32:26.634	Compiling 'PeriodConverter'
0	10:32:26.995	Compiling 'Examples\DLL\DLLSampleTester'
0	10:32:27.356	Compiling 'Examples\Pipes\PipeClient'
0	10:32:27.749	Compiling 'Examples\Pipes\PipeClientPure'
0	10:32:28.109	Compiling 'stdlib'
