0	15:58:02.429	Compiling 'MACD Sample'
0	15:58:02.429	Compiling 'Moving Average'
0	15:58:02.893	Compiling 'Accelerator'
0	15:58:02.893	Compiling 'Accumulation'
0	15:58:02.893	Compiling 'Alligator'
0	15:58:02.893	Compiling 'ATR'
0	15:58:02.893	Compiling 'Awesome'
0	15:58:02.893	Compiling 'Bands'
0	15:58:02.893	Compiling 'Bears'
0	15:58:02.893	Compiling 'Bulls'
0	15:58:02.893	Compiling 'CCI'
0	15:58:02.893	Compiling 'Custom Moving Averages'
0	15:58:02.893	Compiling 'Heiken Ashi'
0	15:58:02.893	Compiling 'Ichimoku'
0	15:58:02.893	Compiling 'iExposure'
0	15:58:02.893	Compiling 'MACD'
0	15:58:02.893	Compiling 'Momentum'
0	15:58:02.893	Compiling 'OsMA'
0	15:58:02.893	Compiling 'Parabolic'
0	15:58:02.893	Compiling 'RSI'
0	15:58:02.893	Compiling 'Stochastic'
0	15:58:02.893	Compiling 'ZigZag'
0	15:58:02.893	Compiling 'SimplePanel'
0	15:58:05.015	Compiling 'PeriodConverter'
0	15:58:05.015	Compiling 'DLLSampleTester'
0	15:58:05.015	Compiling 'PipeClient'
0	15:58:05.015	Compiling 'PipeClientPure'
0	15:58:05.554	Compiling 'stdlib'
